Microchip MPLAB XC8 Compiler V2.41

Linker command line:

-W-3 \
  --edf=C:/Users/zhaozhan/.mchp_packs/Microchip/PIC16F1xxxx_DFP/1.19.363/xc8\pic\dat\20230621215834_en.msgs \
  -cn -h+dist/default/production\lab7_C_rc.X.production.sym \
  --cmf=dist/default/production\lab7_C_rc.X.production.cmf -z -Q16F18854 \
  -oC:\Users\zhaozhan\AppData\Local\Temp\xcAshl4.\driver_tmp_3.o \
  --defsym=__MPLAB_BUILD=1 --fixupoverflow=error \
  -Mdist/default/production/lab7_C_rc.X.production.map \
  --md=C:\Users\zhaozhan\AppData\Local\Temp\xcAshl4.\driver_tmp_0.dat -E1 \
  -ver=XC8 Compiler --acfsm=1493 -ACODE=00h-07FFhx2 -ASTRCODE=00h-0FFFh \
  -ASTRING=00h-0FFhx16 -ACONST=00h-0FFhx16 -AENTRY=00h-0FFhx16 \
  -ACOMMON=070h-07Fh -ABANK0=020h-06Fh -ABANK1=0A0h-0EFh \
  -ABANK2=0120h-016Fh -ABANK3=01A0h-01EFh -ABANK4=0220h-026Fh \
  -ABANK5=02A0h-02EFh -ABANK6=0320h-032Fh -ABIGRAM=02000h-021EFh \
  -ARAM=020h-06Fh,0A0h-0EFh,0120h-016Fh,01A0h-01EFh,0220h-026Fh,02A0h-02EFh,0320h-032Fh \
  -AABS1=020h-07Fh,0A0h-0EFh,0120h-016Fh,01A0h-01EFh,0220h-026Fh,02A0h-02EFh,0320h-032Fh \
  -ASFR0=00h-01Fh -ASFR1=080h-09Fh -ASFR2=0100h-011Fh -ASFR3=0180h-019Fh \
  -ASFR4=0200h-021Fh -ASFR5=0280h-029Fh -ASFR6=0300h-031Fh \
  -ASFR7=0380h-03EFh -ASFR8=0400h-046Fh -ASFR9=0480h-04EFh \
  -ASFR10=0500h-056Fh -ASFR11=0580h-05EFh -ASFR12=0600h-066Fh \
  -ASFR13=0680h-06EFh -ASFR14=0700h-076Fh -ASFR15=0780h-07EFh \
  -ASFR16=0800h-086Fh -ASFR17=0880h-08EFh -ASFR18=0900h-096Fh \
  -ASFR19=0980h-09EFh -ASFR20=0A00h-0A6Fh -ASFR21=0A80h-0AEFh \
  -ASFR22=0B00h-0B6Fh -ASFR23=0B80h-0BEFh -ASFR24=0C00h-0C6Fh \
  -ASFR25=0C80h-0CEFh -ASFR26=0D00h-0D6Fh -ASFR27=0D80h-0DEFh \
  -ASFR28=0E00h-0E6Fh -ASFR29=0E80h-0EEFh -ASFR30=0F00h-0F6Fh \
  -ASFR31=0F80h-0FEFh -ACONFIG=08007h-0800Bh -DCONFIG=2 \
  -AIDLOC=08000h-08003h -DIDLOC=2 -AEEDATA=00h-0FFh/0F000h \
  -peeprom_data=EEDATA -DEEDATA=2 -DCODE=2 -DSTRCODE=2 -DSTRING=2 -DCONST=2 \
  -DENTRY=2 -preset_vec=00h,intentry=04h,init,end_init -ppowerup=CODE \
  -pcinit=CODE -pfunctab=ENTRY -k \
  C:\Users\zhaozhan\AppData\Local\Temp\xcAshl4.\driver_tmp_15.o \
  dist/default/production\lab7_C_rc.X.production.o 

Object code version is 3.11

Machine type is 16F18854



                Name                               Link     Load   Length Selector   Space Scale
C:\Users\zhaozhan\AppData\Local\Temp\xcAshl4.\driver_tmp_15.o
                end_init                             20       20        2        8       0
                reset_vec                             0        0        2        0       0
dist/default/production\lab7_C_rc.X.production.o
                cinit                                22       22        F        8       0
                intentry                              4        4       1C        8       0
                text7                               147      147        8        8       0
                text6                               13F      13F        8        8       0
                text5                               153      153        4      2A6       0
                text4                                31       31       CA        8       0
                text2                                FB       FB       21        8       0
                text1                               137      137        8        8       0
                maintext                            11C      11C       1B        8       0
                cstackCOMMON                         78       78        1       70       1
                dataCOMMON                           77       77        1       70       1
                bssCOMMON                            70       70        7       70       1
                stringtext4                         15D      15D        1      2BA       0
                stringtext3                         15A      15A        2      2AE       0
                stringtext2                         157      157        3      2AE       0
                stringtext1                         14F      14F        4      29E       0
                idataCOMMON                         15C      15C        1      2B8       0

TOTAL           Name                               Link     Load   Length     Space
        CLASS   CODE           
                end_init                             20       20        2         0
                cinit                                22       22        F         0
                intentry                              4        4       1C         0
                reset_vec                             0        0        2         0
                text7                               147      147        8         0
                text6                               13F      13F        8         0
                text5                               153      153        4         0
                text4                                31       31       CA         0
                text2                                FB       FB       21         0
                text1                               137      137        8         0
                maintext                            11C      11C       1B         0
                idataCOMMON                         15C      15C        1         0

        CLASS   STRCODE        
                stringtext4                         15D      15D        1         0
                stringtext3                         15A      15A        2         0
                stringtext2                         157      157        3         0
                stringtext1                         14F      14F        4         0

        CLASS   STRING         

        CLASS   CONST          

        CLASS   ENTRY          

        CLASS   COMMON         
                cstackCOMMON                         78       78        1         1
                dataCOMMON                           77       77        1         1
                bssCOMMON                            70       70        7         1

        CLASS   BANK0          

        CLASS   BANK1          

        CLASS   BANK2          

        CLASS   BANK3          

        CLASS   BANK4          

        CLASS   BANK5          

        CLASS   BANK6          

        CLASS   BIGRAM         

        CLASS   RAM            

        CLASS   ABS1           
                abs_s1                               7E       7E        2         1

        CLASS   SFR0           

        CLASS   SFR1           

        CLASS   SFR2           

        CLASS   SFR3           

        CLASS   SFR4           

        CLASS   SFR5           

        CLASS   SFR6           

        CLASS   SFR7           

        CLASS   SFR8           

        CLASS   SFR9           

        CLASS   SFR10          

        CLASS   SFR11          

        CLASS   SFR12          

        CLASS   SFR13          

        CLASS   SFR14          

        CLASS   SFR15          

        CLASS   SFR16          

        CLASS   SFR17          

        CLASS   SFR18          

        CLASS   SFR19          

        CLASS   SFR20          

        CLASS   SFR21          

        CLASS   SFR22          

        CLASS   SFR23          

        CLASS   SFR24          

        CLASS   SFR25          

        CLASS   SFR26          

        CLASS   SFR27          

        CLASS   SFR28          

        CLASS   SFR29          

        CLASS   SFR30          

        CLASS   SFR31          

        CLASS   CONFIG         

        CLASS   IDLOC          

        CLASS   EEDATA         

        CLASS   BANK31         

        CLASS   BANK30         

        CLASS   BANK29         

        CLASS   BANK28         

        CLASS   BANK27         

        CLASS   BANK26         

        CLASS   BANK25         

        CLASS   BANK24         

        CLASS   BANK23         

        CLASS   BANK22         

        CLASS   BANK21         

        CLASS   BANK20         

        CLASS   BANK19         

        CLASS   BANK18         

        CLASS   BANK17         

        CLASS   BANK16         

        CLASS   BANK15         

        CLASS   BANK14         

        CLASS   BANK13         

        CLASS   BANK12         

        CLASS   BANK11         

        CLASS   BANK10         

        CLASS   BANK9          

        CLASS   BANK8          

        CLASS   BANK7          

        CLASS   HEAP           

        CLASS   STACK          



SEGMENTS        Name                           Load    Length   Top    Selector   Space  Class     Delta

                reset_vec                      000000  000002  000002         0       0  CODE        2
                intentry                       000004  00014B  00014F         8       0  CODE        2
                bssCOMMON                      000070  000009  000079        70       1  COMMON      1
                stringtext1                    00014F  000004  000153       29E       0  STRCODE     2
                text5                          000153  000004  000157       2A6       0  CODE        2
                stringtext2                    000157  000005  00015C       2AE       0  STRCODE     2
                idataCOMMON                    00015C  000001  00015D       2B8       0  CODE        2
                stringtext4                    00015D  000001  00015E       2BA       0  STRCODE     2


UNUSED ADDRESS RANGES

        Name                Unused          Largest block    Delta
        BANK0            0020-006F             50           1
        BANK1            00A0-00EF             50           1
        BANK2            0120-016F             50           1
        BANK3            01A0-01EF             50           1
        BANK4            0220-026F             50           1
        BANK5            02A0-02EF             50           1
        BANK6            0320-032F             10           1
        BIGRAM           2000-21EF            1F0           1
        CODE             0002-0003              2           2
                         015E-0FFF            6A2
        COMMON           0079-007D              5           1
        CONFIG           8007-800B              5           2
        CONST            0002-0003              2           2
                         015E-0FFF            100
        EEDATA           F000-F0FF            100           2
        ENTRY            0002-0003              2           2
                         015E-0FFF            100
        IDLOC            8000-8003              4           2
        RAM              0020-006F             50           1
                         00A0-00EF             50
                         0120-016F             50
                         01A0-01EF             50
                         0220-026F             50
                         02A0-02EF             50
                         0320-032F             10
        SFR0             0000-001F             20           1
        SFR1             0080-009F             20           1
        SFR10            0500-056F             70           1
        SFR11            0580-05EF             70           1
        SFR12            0600-066F             70           1
        SFR13            0680-06EF             70           1
        SFR14            0700-076F             70           1
        SFR15            0780-07EF             70           1
        SFR16            0800-086F             70           1
        SFR17            0880-08EF             70           1
        SFR18            0900-096F             70           1
        SFR19            0980-09EF             70           1
        SFR2             0100-011F             20           1
        SFR20            0A00-0A6F             70           1
        SFR21            0A80-0AEF             70           1
        SFR22            0B00-0B6F             70           1
        SFR23            0B80-0BEF             70           1
        SFR24            0C00-0C6F             70           1
        SFR25            0C80-0CEF             70           1
        SFR26            0D00-0D6F             70           1
        SFR27            0D80-0DEF             70           1
        SFR28            0E00-0E6F             70           1
        SFR29            0E80-0EEF             70           1
        SFR3             0180-019F             20           1
        SFR30            0F00-0F6F             70           1
        SFR31            0F80-0FEF             70           1
        SFR4             0200-021F             20           1
        SFR5             0280-029F             20           1
        SFR6             0300-031F             20           1
        SFR7             0380-03EF             70           1
        SFR8             0400-046F             70           1
        SFR9             0480-04EF             70           1
        STRCODE          0002-0003              2           2
                         015E-0FFF            EA2
        STRING           0002-0003              2           2
                         015E-0FFF            100

                                  Symbol Table

_ANSELBbits              (abs)        0F43
_BRG16                   (abs)        08FB
_BRGH                    (abs)        08F2
_GIE                     (abs)        005F
_ISR                     intentry     0004
_PEIE                    (abs)        005E
_PORTBbits               (abs)        000D
_PPSLOCK                 (abs)        0E8F
_RB6PPS                  (abs)        0F1E
_RC1REG                  (abs)        0119
_RC1STA                  (abs)        011D
_RCIE                    (abs)        38CD
_RCIF                    (abs)        387D
_RXPPS                   (abs)        0ECB
_SPBRG                   (abs)        011B
_SPBRGH                  (abs)        011C
_SPBRGL                  (abs)        011B
_SerialInit              text2        00FB
_T0CON0                  (abs)        001E
_T0CON1                  (abs)        001F
_TMR0H                   (abs)        001D
_TMR0IE                  (abs)        38B5
_TMR0IF                  (abs)        3865
_TRISB                   (abs)        0012
_TRISB6                  (abs)        0096
_TRISB7                  (abs)        0097
_TRISBbits               (abs)        0012
_TX1REG                  (abs)        011A
_TX1STA                  (abs)        011E
_TXIE                    (abs)        38CC
_TXIF                    (abs)        387C
_TXREG                   (abs)        011A
_WPUB                    (abs)        0F44
__H__absolute__          __absolute__ 0000
__Habs1                  abs1         0000
__Hbank0                 bank0        0000
__Hbank1                 bank1        0000
__Hbank10                bank10       0000
__Hbank11                bank11       0000
__Hbank12                bank12       0000
__Hbank13                bank13       0000
__Hbank14                bank14       0000
__Hbank15                bank15       0000
__Hbank16                bank16       0000
__Hbank17                bank17       0000
__Hbank18                bank18       0000
__Hbank19                bank19       0000
__Hbank2                 bank2        0000
__Hbank20                bank20       0000
__Hbank21                bank21       0000
__Hbank22                bank22       0000
__Hbank23                bank23       0000
__Hbank24                bank24       0000
__Hbank25                bank25       0000
__Hbank26                bank26       0000
__Hbank27                bank27       0000
__Hbank28                bank28       0000
__Hbank29                bank29       0000
__Hbank3                 bank3        0000
__Hbank30                bank30       0000
__Hbank31                bank31       0000
__Hbank4                 bank4        0000
__Hbank5                 bank5        0000
__Hbank6                 bank6        0000
__Hbank7                 bank7        0000
__Hbank8                 bank8        0000
__Hbank9                 bank9        0000
__Hbigram                bigram       0000
__HbssCOMMON             bssCOMMON    0000
__Hcinit                 cinit        0031
__Hclrtext               clrtext      0000
__Hcode                  code         0000
__Hcommon                common       0000
__HcstackCOMMON          cstackCOMMON 0000
__HdataCOMMON            dataCOMMON   0000
__Heeprom_data           eeprom_data  0000
__Hend_init              end_init     0022
__Hfunctab               functab      0000
__Hheap                  heap         0000
__HidataCOMMON           idataCOMMON  0000
__Hinit                  init         0020
__Hintentry              intentry     0020
__Hmaintext              maintext     0000
__Hpowerup               powerup      0000
__Hram                   ram          0000
__Hreset_vec             reset_vec    0002
__Hsfr0                  sfr0         0000
__Hsfr1                  sfr1         0000
__Hsfr10                 sfr10        0000
__Hsfr11                 sfr11        0000
__Hsfr12                 sfr12        0000
__Hsfr13                 sfr13        0000
__Hsfr14                 sfr14        0000
__Hsfr15                 sfr15        0000
__Hsfr16                 sfr16        0000
__Hsfr17                 sfr17        0000
__Hsfr18                 sfr18        0000
__Hsfr19                 sfr19        0000
__Hsfr2                  sfr2         0000
__Hsfr20                 sfr20        0000
__Hsfr21                 sfr21        0000
__Hsfr22                 sfr22        0000
__Hsfr23                 sfr23        0000
__Hsfr24                 sfr24        0000
__Hsfr25                 sfr25        0000
__Hsfr26                 sfr26        0000
__Hsfr27                 sfr27        0000
__Hsfr28                 sfr28        0000
__Hsfr29                 sfr29        0000
__Hsfr3                  sfr3         0000
__Hsfr30                 sfr30        0000
__Hsfr31                 sfr31        0000
__Hsfr4                  sfr4         0000
__Hsfr5                  sfr5         0000
__Hsfr6                  sfr6         0000
__Hsfr7                  sfr7         0000
__Hsfr8                  sfr8         0000
__Hsfr9                  sfr9         0000
__Hspace_0               (abs)        015E
__Hspace_1               (abs)        0079
__Hspace_2               (abs)        0000
__Hspace_3               (abs)        0000
__Hstack                 stack        0000
__Hstrings               strings      0000
__Hstringtext1           stringtext1  0000
__Hstringtext2           stringtext2  0000
__Hstringtext3           stringtext3  0000
__Hstringtext4           stringtext4  0000
__Htext                  text         0000
__L__absolute__          __absolute__ 0000
__Labs1                  abs1         0000
__Lbank0                 bank0        0000
__Lbank1                 bank1        0000
__Lbank10                bank10       0000
__Lbank11                bank11       0000
__Lbank12                bank12       0000
__Lbank13                bank13       0000
__Lbank14                bank14       0000
__Lbank15                bank15       0000
__Lbank16                bank16       0000
__Lbank17                bank17       0000
__Lbank18                bank18       0000
__Lbank19                bank19       0000
__Lbank2                 bank2        0000
__Lbank20                bank20       0000
__Lbank21                bank21       0000
__Lbank22                bank22       0000
__Lbank23                bank23       0000
__Lbank24                bank24       0000
__Lbank25                bank25       0000
__Lbank26                bank26       0000
__Lbank27                bank27       0000
__Lbank28                bank28       0000
__Lbank29                bank29       0000
__Lbank3                 bank3        0000
__Lbank30                bank30       0000
__Lbank31                bank31       0000
__Lbank4                 bank4        0000
__Lbank5                 bank5        0000
__Lbank6                 bank6        0000
__Lbank7                 bank7        0000
__Lbank8                 bank8        0000
__Lbank9                 bank9        0000
__Lbigram                bigram       0000
__LbssCOMMON             bssCOMMON    0000
__Lcinit                 cinit        0022
__Lclrtext               clrtext      0000
__Lcode                  code         0000
__Lcommon                common       0000
__LcstackCOMMON          cstackCOMMON 0000
__LdataCOMMON            dataCOMMON   0000
__Leeprom_data           eeprom_data  0000
__Lend_init              end_init     0020
__Lfunctab               functab      0000
__Lheap                  heap         0000
__LidataCOMMON           idataCOMMON  0000
__Linit                  init         0020
__Lintentry              intentry     0004
__Lmaintext              maintext     0000
__Lpowerup               powerup      0000
__Lram                   ram          0000
__Lreset_vec             reset_vec    0000
__Lsfr0                  sfr0         0000
__Lsfr1                  sfr1         0000
__Lsfr10                 sfr10        0000
__Lsfr11                 sfr11        0000
__Lsfr12                 sfr12        0000
__Lsfr13                 sfr13        0000
__Lsfr14                 sfr14        0000
__Lsfr15                 sfr15        0000
__Lsfr16                 sfr16        0000
__Lsfr17                 sfr17        0000
__Lsfr18                 sfr18        0000
__Lsfr19                 sfr19        0000
__Lsfr2                  sfr2         0000
__Lsfr20                 sfr20        0000
__Lsfr21                 sfr21        0000
__Lsfr22                 sfr22        0000
__Lsfr23                 sfr23        0000
__Lsfr24                 sfr24        0000
__Lsfr25                 sfr25        0000
__Lsfr26                 sfr26        0000
__Lsfr27                 sfr27        0000
__Lsfr28                 sfr28        0000
__Lsfr29                 sfr29        0000
__Lsfr3                  sfr3         0000
__Lsfr30                 sfr30        0000
__Lsfr31                 sfr31        0000
__Lsfr4                  sfr4         0000
__Lsfr5                  sfr5         0000
__Lsfr6                  sfr6         0000
__Lsfr7                  sfr7         0000
__Lsfr8                  sfr8         0000
__Lsfr9                  sfr9         0000
__Lspace_0               (abs)        0000
__Lspace_1               (abs)        0000
__Lspace_2               (abs)        0000
__Lspace_3               (abs)        0000
__Lstack                 stack        0000
__Lstrings               strings      0000
__Lstringtext1           stringtext1  0000
__Lstringtext2           stringtext2  0000
__Lstringtext3           stringtext3  0000
__Lstringtext4           stringtext4  0000
__Ltext                  text         0000
__S0                     (abs)        015E
__S1                     (abs)        0079
__S3                     (abs)        0000
___heap_hi               (abs)        0000
___heap_lo               (abs)        0000
___int_sp                stack        0000
___latbits               (abs)        0001
___sp                    stack        0000
___stackhi               (abs)        0000
___stacklo               (abs)        0000
__end_of_ISR             intentry     0020
__end_of_SerialInit      text2        011C
__end_of__initialization cinit        002D
__end_of_check_btn       text4        00FB
__end_of_doublepush      text7        014F
__end_of_initTMR0        text1        013F
__end_of_longpush        text6        0147
__end_of_main            maintext     0137
__end_of_singlepush      text5        0157
__end_of_table_0         stringtext1  0153
__end_of_table_1         stringtext2  015A
__end_of_table_2         stringtext3  015C
__end_of_table_3         stringtext4  015E
__initialization         cinit        0022
__pbssCOMMON             bssCOMMON    0070
__pcstackCOMMON          cstackCOMMON 0078
__pdataCOMMON            dataCOMMON   0077
__pidataCOMMON           idataCOMMON  015C
__pintentry              intentry     0004
__pmaintext              maintext     011C
__pstringtext1           stringtext1  014F
__pstringtext2           stringtext2  0157
__pstringtext3           stringtext3  015A
__pstringtext4           stringtext4  015D
__ptext1                 text1        0137
__ptext2                 text2        00FB
__ptext4                 text4        0031
__ptext5                 text5        0153
__ptext6                 text6        013F
__ptext7                 text7        0147
_check_btn               text4        0031
_count                   bssCOMMON    0072
_doublepush              text7        0147
_index                   bssCOMMON    0071
_initTMR0                text1        0137
_longpush                text6        013F
_main                    maintext     011C
_pcnt                    bssCOMMON    0073
_rcnt                    dataCOMMON   0077
_rtemp                   bssCOMMON    0076
_segCode                 bssCOMMON    0070
_sflag                   bssCOMMON    0075
_singlepush              text5        0153
_table_0                 stringtext1  014F
_table_1                 stringtext2  0157
_table_2                 stringtext3  015A
_table_3                 stringtext4  015D
btemp                    (abs)        007E
end_of_initialization    cinit        002D
int$flags                (abs)        007E
intlevel0                functab      0000
intlevel1                functab      0000
intlevel2                functab      0000
intlevel3                functab      0000
intlevel4                functab      0000
intlevel5                functab      0000
reset_vec                reset_vec    0000
start                    init         0020
start_initialization     cinit        0022
wtemp0                   (abs)        007E


MODULE INFORMATION

Module		Function		Class		Link	Load	Size
shared
		_table_3       		STRCODE        	015D	0000	1
		_table_2       		STRCODE        	015A	0000	2
		__initialization		CODE           	0022	0000	11
		_table_1       		STRCODE        	0157	0000	3
		_table_0       		STRCODE        	014F	0000	4

shared estimated size: 21

rc.c
		_SerialInit    		CODE           	00FB	0000	33
		_ISR           		CODE           	0004	0000	28
		_main          		CODE           	011C	0000	27
		_doublepush    		CODE           	0147	0000	8
		_initTMR0      		CODE           	0137	0000	8
		_singlepush    		CODE           	0153	0000	4
		_check_btn     		CODE           	0031	0000	202
		_longpush      		CODE           	013F	0000	8

rc.c estimated size: 318

